// Jest Snapshot v1, https://goo.gl/fbAQLP

exports[`render expensesList with empty message 1`] = `
<div>
  <p>
    No expenses Exists
  </p>
</div>
`;

exports[`render expensesList with expenses 1`] = `
<div>
  <ExpenseListItem
    amount={1233}
    createdAt={0}
    descriptions="Gum"
    id="1"
    key="1"
    note=""
  />
  <ExpenseListItem
    amount={76478}
    createdAt={-345600000}
    descriptions="Rent"
    id="2"
    key="2"
    note=""
  />
  <ExpenseListItem
    amount={1500}
    createdAt={345600000}
    descriptions="Credit card"
    id="3"
    key="3"
    note=""
  />
</div>
`;
